Archive member included because of file (symbol)

d:/disktop/embedded system/sdk_win_64/imt_sdk_win_64/winavr/bin/../lib/gcc/avr/4.3.3/avr5\libgcc.a(_mulsi3.o)
                              ./HAL/HLM35/LM35.o (__mulsi3)
d:/disktop/embedded system/sdk_win_64/imt_sdk_win_64/winavr/bin/../lib/gcc/avr/4.3.3/avr5\libgcc.a(_udivmodsi4.o)
                              ./MCAL/MUART/MUART.o (__udivmodsi4)
d:/disktop/embedded system/sdk_win_64/imt_sdk_win_64/winavr/bin/../lib/gcc/avr/4.3.3/avr5\libgcc.a(_exit.o)
                              d:/disktop/embedded system/sdk_win_64/imt_sdk_win_64/winavr/bin/../lib/gcc/avr/4.3.3/../../../../avr/lib/avr5/crtm32.o (exit)
d:/disktop/embedded system/sdk_win_64/imt_sdk_win_64/winavr/bin/../lib/gcc/avr/4.3.3/avr5\libgcc.a(_copy_data.o)
                              ./HAL/HERROR/HERROR.o (__do_copy_data)
d:/disktop/embedded system/sdk_win_64/imt_sdk_win_64/winavr/bin/../lib/gcc/avr/4.3.3/avr5\libgcc.a(_clear_bss.o)
                              ./MCAL/MUART/MUART.o (__do_clear_bss)
d:/disktop/embedded system/sdk_win_64/imt_sdk_win_64/winavr/bin/../lib/gcc/avr/4.3.3/avr5\libgcc.a(_fixunssfsi.o)
                              ./MCAL/MTIMER2/TIMER2.o (__fixunssfsi)
d:/disktop/embedded system/sdk_win_64/imt_sdk_win_64/winavr/bin/../lib/gcc/avr/4.3.3/avr5\libgcc.a(_addsub_sf.o)
                              ./MCAL/MTIMER2/TIMER2.o (__subsf3)
d:/disktop/embedded system/sdk_win_64/imt_sdk_win_64/winavr/bin/../lib/gcc/avr/4.3.3/avr5\libgcc.a(_mul_sf.o)
                              ./MCAL/MTIMER2/TIMER2.o (__mulsf3)
d:/disktop/embedded system/sdk_win_64/imt_sdk_win_64/winavr/bin/../lib/gcc/avr/4.3.3/avr5\libgcc.a(_div_sf.o)
                              ./MCAL/MTIMER2/TIMER2.o (__divsf3)
d:/disktop/embedded system/sdk_win_64/imt_sdk_win_64/winavr/bin/../lib/gcc/avr/4.3.3/avr5\libgcc.a(_eq_sf.o)
                              ./MCAL/MTIMER2/TIMER2.o (__eqsf2)
d:/disktop/embedded system/sdk_win_64/imt_sdk_win_64/winavr/bin/../lib/gcc/avr/4.3.3/avr5\libgcc.a(_ne_sf.o)
                              ./MCAL/MTIMER2/TIMER2.o (__nesf2)
d:/disktop/embedded system/sdk_win_64/imt_sdk_win_64/winavr/bin/../lib/gcc/avr/4.3.3/avr5\libgcc.a(_gt_sf.o)
                              ./MCAL/MTIMER2/TIMER2.o (__gtsf2)
d:/disktop/embedded system/sdk_win_64/imt_sdk_win_64/winavr/bin/../lib/gcc/avr/4.3.3/avr5\libgcc.a(_ge_sf.o)
                              d:/disktop/embedded system/sdk_win_64/imt_sdk_win_64/winavr/bin/../lib/gcc/avr/4.3.3/avr5\libgcc.a(_fixunssfsi.o) (__gesf2)
d:/disktop/embedded system/sdk_win_64/imt_sdk_win_64/winavr/bin/../lib/gcc/avr/4.3.3/avr5\libgcc.a(_lt_sf.o)
                              ./MCAL/MTIMER2/TIMER2.o (__ltsf2)
d:/disktop/embedded system/sdk_win_64/imt_sdk_win_64/winavr/bin/../lib/gcc/avr/4.3.3/avr5\libgcc.a(_sf_to_si.o)
                              d:/disktop/embedded system/sdk_win_64/imt_sdk_win_64/winavr/bin/../lib/gcc/avr/4.3.3/avr5\libgcc.a(_fixunssfsi.o) (__fixsfsi)
d:/disktop/embedded system/sdk_win_64/imt_sdk_win_64/winavr/bin/../lib/gcc/avr/4.3.3/avr5\libgcc.a(_thenan_sf.o)
                              d:/disktop/embedded system/sdk_win_64/imt_sdk_win_64/winavr/bin/../lib/gcc/avr/4.3.3/avr5\libgcc.a(_addsub_sf.o) (__thenan_sf)
d:/disktop/embedded system/sdk_win_64/imt_sdk_win_64/winavr/bin/../lib/gcc/avr/4.3.3/avr5\libgcc.a(_usi_to_sf.o)
                              ./MCAL/MTIMER2/TIMER2.o (__floatunsisf)
d:/disktop/embedded system/sdk_win_64/imt_sdk_win_64/winavr/bin/../lib/gcc/avr/4.3.3/avr5\libgcc.a(_prologue.o)
                              d:/disktop/embedded system/sdk_win_64/imt_sdk_win_64/winavr/bin/../lib/gcc/avr/4.3.3/avr5\libgcc.a(_addsub_sf.o) (__prologue_saves__)
d:/disktop/embedded system/sdk_win_64/imt_sdk_win_64/winavr/bin/../lib/gcc/avr/4.3.3/avr5\libgcc.a(_epilogue.o)
                              d:/disktop/embedded system/sdk_win_64/imt_sdk_win_64/winavr/bin/../lib/gcc/avr/4.3.3/avr5\libgcc.a(_addsub_sf.o) (__epilogue_restores__)
d:/disktop/embedded system/sdk_win_64/imt_sdk_win_64/winavr/bin/../lib/gcc/avr/4.3.3/avr5\libgcc.a(_clzsi2.o)
                              d:/disktop/embedded system/sdk_win_64/imt_sdk_win_64/winavr/bin/../lib/gcc/avr/4.3.3/avr5\libgcc.a(_usi_to_sf.o) (__clzsi2)
d:/disktop/embedded system/sdk_win_64/imt_sdk_win_64/winavr/bin/../lib/gcc/avr/4.3.3/avr5\libgcc.a(_pack_sf.o)
                              d:/disktop/embedded system/sdk_win_64/imt_sdk_win_64/winavr/bin/../lib/gcc/avr/4.3.3/avr5\libgcc.a(_addsub_sf.o) (__pack_f)
d:/disktop/embedded system/sdk_win_64/imt_sdk_win_64/winavr/bin/../lib/gcc/avr/4.3.3/avr5\libgcc.a(_unpack_sf.o)
                              d:/disktop/embedded system/sdk_win_64/imt_sdk_win_64/winavr/bin/../lib/gcc/avr/4.3.3/avr5\libgcc.a(_addsub_sf.o) (__unpack_f)
d:/disktop/embedded system/sdk_win_64/imt_sdk_win_64/winavr/bin/../lib/gcc/avr/4.3.3/avr5\libgcc.a(_fpcmp_parts_sf.o)
                              d:/disktop/embedded system/sdk_win_64/imt_sdk_win_64/winavr/bin/../lib/gcc/avr/4.3.3/avr5\libgcc.a(_eq_sf.o) (__fpcmp_parts_f)
d:/disktop/embedded system/sdk_win_64/imt_sdk_win_64/winavr/bin/../lib/gcc/avr/4.3.3/avr5\libgcc.a(_clz.o)
                              d:/disktop/embedded system/sdk_win_64/imt_sdk_win_64/winavr/bin/../lib/gcc/avr/4.3.3/avr5\libgcc.a(_clzsi2.o) (__clz_tab)

Allocating common symbols
Common symbol       size              file

G_u32TimerPrescaller
                    0x4               ./MCAL/MTIMER2/TIMER2.o
Timer0_ptr          0x2               ./MCAL/MTIMER0/TIMER0.o
EXTI1_Ptr           0x2               ./MCAL/MEXTI/EXTI.o
GP_u8CorrectPassword
                    0x2               ./HAL/HERROR/HERROR.o
G_u32DesiredCounts  0x4               ./MCAL/MTIMER0/TIMER0.o
EXTI2_Ptr           0x2               ./MCAL/MEXTI/EXTI.o
ADC_ptr             0x2               ./MCAL/MADC/ADC.o
EXTI0_Ptr           0x2               ./MCAL/MEXTI/EXTI.o
G_u8PassLength      0x1               ./HAL/HERROR/HERROR.o
GP_u8CurrentString  0x2               ./MCAL/MUART/MUART.o
Timer2_ptr          0x2               ./MCAL/MTIMER2/TIMER2.o
G_u32Desicount      0x4               ./MCAL/MTIMER2/TIMER2.o
G_u32Timer0Prescaller
                    0x4               ./MCAL/MTIMER0/TIMER0.o

Memory Configuration

Name             Origin             Length             Attributes
text             0x00000000         0x00020000         xr
data             0x00800060         0x0000ffa0         rw !x
eeprom           0x00810000         0x00010000         rw !x
fuse             0x00820000         0x00000400         rw !x
lock             0x00830000         0x00000400         rw !x
signature        0x00840000         0x00000400         rw !x
*default*        0x00000000         0xffffffff

Linker script and memory map

LOAD d:/disktop/embedded system/sdk_win_64/imt_sdk_win_64/winavr/bin/../lib/gcc/avr/4.3.3/../../../../avr/lib/avr5/crtm32.o
LOAD ./MCAL/MUART/MUART.o
LOAD ./MCAL/MTIMER2/TIMER2.o
LOAD ./MCAL/MTIMER0/TIMER0.o
LOAD ./MCAL/MEXTI/EXTI.o
LOAD ./MCAL/MDIO/DIO.o
LOAD ./MCAL/MADC/ADC.o
LOAD ./MCAL/EEPROM/EEPROM.o
LOAD ./HAL/MPOT/POT.o
LOAD ./HAL/HLM35/LM35.o
LOAD ./HAL/HLED/LED.o
LOAD ./HAL/HERROR/HERROR.o
LOAD ./APP/main.o
LOAD d:/disktop/embedded system/sdk_win_64/imt_sdk_win_64/winavr/bin/../lib/gcc/avr/4.3.3/avr5\libgcc.a
LOAD d:/disktop/embedded system/sdk_win_64/imt_sdk_win_64/winavr/bin/../lib/gcc/avr/4.3.3/../../../../avr/lib/avr5\libc.a
LOAD d:/disktop/embedded system/sdk_win_64/imt_sdk_win_64/winavr/bin/../lib/gcc/avr/4.3.3/avr5\libgcc.a

.hash
 *(.hash)

.dynsym
 *(.dynsym)

.dynstr
 *(.dynstr)

.gnu.version
 *(.gnu.version)

.gnu.version_d
 *(.gnu.version_d)

.gnu.version_r
 *(.gnu.version_r)

.rel.init
 *(.rel.init)

.rela.init
 *(.rela.init)

.rel.text
 *(.rel.text)
 *(.rel.text.*)
 *(.rel.gnu.linkonce.t*)

.rela.text
 *(.rela.text)
 *(.rela.text.*)
 *(.rela.gnu.linkonce.t*)

.rel.fini
 *(.rel.fini)

.rela.fini
 *(.rela.fini)

.rel.rodata
 *(.rel.rodata)
 *(.rel.rodata.*)
 *(.rel.gnu.linkonce.r*)

.rela.rodata
 *(.rela.rodata)
 *(.rela.rodata.*)
 *(.rela.gnu.linkonce.r*)

.rel.data
 *(.rel.data)
 *(.rel.data.*)
 *(.rel.gnu.linkonce.d*)

.rela.data
 *(.rela.data)
 *(.rela.data.*)
 *(.rela.gnu.linkonce.d*)

.rel.ctors
 *(.rel.ctors)

.rela.ctors
 *(.rela.ctors)

.rel.dtors
 *(.rel.dtors)

.rela.dtors
 *(.rela.dtors)

.rel.got
 *(.rel.got)

.rela.got
 *(.rela.got)

.rel.bss
 *(.rel.bss)

.rela.bss
 *(.rela.bss)

.rel.plt
 *(.rel.plt)

.rela.plt
 *(.rela.plt)

.text           0x00000000     0x1f60
 *(.vectors)
 .vectors       0x00000000       0x54 d:/disktop/embedded system/sdk_win_64/imt_sdk_win_64/winavr/bin/../lib/gcc/avr/4.3.3/../../../../avr/lib/avr5/crtm32.o
                0x00000000                __vectors
                0x00000000                __vector_default
 *(.vectors)
 *(.progmem.gcc*)
 *(.progmem*)
                0x00000054                . = ALIGN (0x2)
                0x00000054                __trampolines_start = .
 *(.trampolines)
 .trampolines   0x00000054        0x0 linker stubs
 *(.trampolines*)
                0x00000054                __trampolines_end = .
 *(.jumptables)
 *(.jumptables*)
 *(.lowtext)
 *(.lowtext*)
                0x00000054                __ctors_start = .
 *(.ctors)
                0x00000054                __ctors_end = .
                0x00000054                __dtors_start = .
 *(.dtors)
                0x00000054                __dtors_end = .
 SORT(*)(.ctors)
 SORT(*)(.dtors)
 *(.init0)
 .init0         0x00000054        0x0 d:/disktop/embedded system/sdk_win_64/imt_sdk_win_64/winavr/bin/../lib/gcc/avr/4.3.3/../../../../avr/lib/avr5/crtm32.o
                0x00000054                __init
 *(.init0)
 *(.init1)
 *(.init1)
 *(.init2)
 .init2         0x00000054        0xc d:/disktop/embedded system/sdk_win_64/imt_sdk_win_64/winavr/bin/../lib/gcc/avr/4.3.3/../../../../avr/lib/avr5/crtm32.o
 *(.init2)
 *(.init3)
 *(.init3)
 *(.init4)
 .init4         0x00000060       0x16 d:/disktop/embedded system/sdk_win_64/imt_sdk_win_64/winavr/bin/../lib/gcc/avr/4.3.3/avr5\libgcc.a(_copy_data.o)
                0x00000060                __do_copy_data
 .init4         0x00000076       0x10 d:/disktop/embedded system/sdk_win_64/imt_sdk_win_64/winavr/bin/../lib/gcc/avr/4.3.3/avr5\libgcc.a(_clear_bss.o)
                0x00000076                __do_clear_bss
 *(.init4)
 *(.init5)
 *(.init5)
 *(.init6)
 *(.init6)
 *(.init7)
 *(.init7)
 *(.init8)
 *(.init8)
 *(.init9)
 .init9         0x00000086        0x8 d:/disktop/embedded system/sdk_win_64/imt_sdk_win_64/winavr/bin/../lib/gcc/avr/4.3.3/../../../../avr/lib/avr5/crtm32.o
 *(.init9)
 *(.text)
 .text          0x0000008e        0x4 d:/disktop/embedded system/sdk_win_64/imt_sdk_win_64/winavr/bin/../lib/gcc/avr/4.3.3/../../../../avr/lib/avr5/crtm32.o
                0x0000008e                __vector_12
                0x0000008e                __bad_interrupt
                0x0000008e                __vector_6
                0x0000008e                __vector_13
                0x0000008e                __vector_17
                0x0000008e                __vector_19
                0x0000008e                __vector_7
                0x0000008e                __vector_4
                0x0000008e                __vector_9
                0x0000008e                __vector_8
                0x0000008e                __vector_14
                0x0000008e                __vector_10
                0x0000008e                __vector_18
                0x0000008e                __vector_20
 .text          0x00000092        0x0 ./MCAL/MUART/MUART.o
 .text          0x00000092        0x0 ./MCAL/MTIMER2/TIMER2.o
 .text          0x00000092        0x0 ./MCAL/MTIMER0/TIMER0.o
 .text          0x00000092        0x0 ./MCAL/MEXTI/EXTI.o
 .text          0x00000092        0x0 ./MCAL/MDIO/DIO.o
 .text          0x00000092        0x0 ./MCAL/MADC/ADC.o
 .text          0x00000092        0x0 ./MCAL/EEPROM/EEPROM.o
 .text          0x00000092        0x0 ./HAL/MPOT/POT.o
 .text          0x00000092        0x0 ./HAL/HLM35/LM35.o
 .text          0x00000092        0x0 ./HAL/HLED/LED.o
 .text          0x00000092        0x0 ./HAL/HERROR/HERROR.o
 .text          0x00000092        0x0 ./APP/main.o
 .text          0x00000092        0x0 d:/disktop/embedded system/sdk_win_64/imt_sdk_win_64/winavr/bin/../lib/gcc/avr/4.3.3/avr5\libgcc.a(_mulsi3.o)
 .text          0x00000092        0x0 d:/disktop/embedded system/sdk_win_64/imt_sdk_win_64/winavr/bin/../lib/gcc/avr/4.3.3/avr5\libgcc.a(_udivmodsi4.o)
 .text          0x00000092        0x0 d:/disktop/embedded system/sdk_win_64/imt_sdk_win_64/winavr/bin/../lib/gcc/avr/4.3.3/avr5\libgcc.a(_exit.o)
 .text          0x00000092        0x0 d:/disktop/embedded system/sdk_win_64/imt_sdk_win_64/winavr/bin/../lib/gcc/avr/4.3.3/avr5\libgcc.a(_copy_data.o)
 .text          0x00000092        0x0 d:/disktop/embedded system/sdk_win_64/imt_sdk_win_64/winavr/bin/../lib/gcc/avr/4.3.3/avr5\libgcc.a(_clear_bss.o)
 .text          0x00000092       0x58 d:/disktop/embedded system/sdk_win_64/imt_sdk_win_64/winavr/bin/../lib/gcc/avr/4.3.3/avr5\libgcc.a(_fixunssfsi.o)
                0x00000092                __fixunssfsi
 .text          0x000000ea      0x354 d:/disktop/embedded system/sdk_win_64/imt_sdk_win_64/winavr/bin/../lib/gcc/avr/4.3.3/avr5\libgcc.a(_addsub_sf.o)
                0x00000382                __subsf3
                0x000003e4                __addsf3
 .text          0x0000043e      0x1f4 d:/disktop/embedded system/sdk_win_64/imt_sdk_win_64/winavr/bin/../lib/gcc/avr/4.3.3/avr5\libgcc.a(_mul_sf.o)
                0x0000043e                __mulsf3
 .text          0x00000632      0x158 d:/disktop/embedded system/sdk_win_64/imt_sdk_win_64/winavr/bin/../lib/gcc/avr/4.3.3/avr5\libgcc.a(_div_sf.o)
                0x00000632                __divsf3
 .text          0x0000078a       0x60 d:/disktop/embedded system/sdk_win_64/imt_sdk_win_64/winavr/bin/../lib/gcc/avr/4.3.3/avr5\libgcc.a(_eq_sf.o)
                0x0000078a                __eqsf2
 .text          0x000007ea       0x60 d:/disktop/embedded system/sdk_win_64/imt_sdk_win_64/winavr/bin/../lib/gcc/avr/4.3.3/avr5\libgcc.a(_ne_sf.o)
                0x000007ea                __nesf2
 .text          0x0000084a       0x60 d:/disktop/embedded system/sdk_win_64/imt_sdk_win_64/winavr/bin/../lib/gcc/avr/4.3.3/avr5\libgcc.a(_gt_sf.o)
                0x0000084a                __gtsf2
 .text          0x000008aa       0x60 d:/disktop/embedded system/sdk_win_64/imt_sdk_win_64/winavr/bin/../lib/gcc/avr/4.3.3/avr5\libgcc.a(_ge_sf.o)
                0x000008aa                __gesf2
 .text          0x0000090a       0x60 d:/disktop/embedded system/sdk_win_64/imt_sdk_win_64/winavr/bin/../lib/gcc/avr/4.3.3/avr5\libgcc.a(_lt_sf.o)
                0x0000090a                __ltsf2
 .text          0x0000096a       0xa8 d:/disktop/embedded system/sdk_win_64/imt_sdk_win_64/winavr/bin/../lib/gcc/avr/4.3.3/avr5\libgcc.a(_sf_to_si.o)
                0x0000096a                __fixsfsi
 .text          0x00000a12        0x0 d:/disktop/embedded system/sdk_win_64/imt_sdk_win_64/winavr/bin/../lib/gcc/avr/4.3.3/avr5\libgcc.a(_thenan_sf.o)
 .text          0x00000a12       0xf2 d:/disktop/embedded system/sdk_win_64/imt_sdk_win_64/winavr/bin/../lib/gcc/avr/4.3.3/avr5\libgcc.a(_usi_to_sf.o)
                0x00000a12                __floatunsisf
 .text          0x00000b04        0x0 d:/disktop/embedded system/sdk_win_64/imt_sdk_win_64/winavr/bin/../lib/gcc/avr/4.3.3/avr5\libgcc.a(_prologue.o)
 .text          0x00000b04        0x0 d:/disktop/embedded system/sdk_win_64/imt_sdk_win_64/winavr/bin/../lib/gcc/avr/4.3.3/avr5\libgcc.a(_epilogue.o)
 .text          0x00000b04       0x9e d:/disktop/embedded system/sdk_win_64/imt_sdk_win_64/winavr/bin/../lib/gcc/avr/4.3.3/avr5\libgcc.a(_clzsi2.o)
                0x00000b04                __clzsi2
 .text          0x00000ba2      0x1aa d:/disktop/embedded system/sdk_win_64/imt_sdk_win_64/winavr/bin/../lib/gcc/avr/4.3.3/avr5\libgcc.a(_pack_sf.o)
                0x00000ba2                __pack_f
 .text          0x00000d4c       0xf0 d:/disktop/embedded system/sdk_win_64/imt_sdk_win_64/winavr/bin/../lib/gcc/avr/4.3.3/avr5\libgcc.a(_unpack_sf.o)
                0x00000d4c                __unpack_f
 .text          0x00000e3c       0xb2 d:/disktop/embedded system/sdk_win_64/imt_sdk_win_64/winavr/bin/../lib/gcc/avr/4.3.3/avr5\libgcc.a(_fpcmp_parts_sf.o)
                0x00000e3c                __fpcmp_parts_f
 .text          0x00000eee        0x0 d:/disktop/embedded system/sdk_win_64/imt_sdk_win_64/winavr/bin/../lib/gcc/avr/4.3.3/avr5\libgcc.a(_clz.o)
                0x00000eee                . = ALIGN (0x2)
 *(.text.*)
 .text.MUART_voidInit
                0x00000eee       0x90 ./MCAL/MUART/MUART.o
                0x00000eee                MUART_voidInit
 .text.MUART_voidTx
                0x00000f7e        0xc ./MCAL/MUART/MUART.o
                0x00000f7e                MUART_voidTx
 .text.MUART_voidSendChar
                0x00000f8a       0x3a ./MCAL/MUART/MUART.o
                0x00000f8a                MUART_voidSendChar
 .text.MUART_voidTxStr
                0x00000fc4       0x1c ./MCAL/MUART/MUART.o
                0x00000fc4                MUART_voidTxStr
 .text.MUART_u8Rx
                0x00000fe0        0xc ./MCAL/MUART/MUART.o
                0x00000fe0                MUART_u8Rx
 .text.__vector_15
                0x00000fec       0x48 ./MCAL/MUART/MUART.o
                0x00000fec                __vector_15
 .text.MTIMER2_voidSetDT
                0x00001034      0x14a ./MCAL/MTIMER2/TIMER2.o
                0x00001034                MTIMER2_voidSetDT
 .text.__vector_5
                0x0000117e       0x9e ./MCAL/MTIMER2/TIMER2.o
                0x0000117e                __vector_5
 .text.MTIMER2_voidInit
                0x0000121c       0xf2 ./MCAL/MTIMER2/TIMER2.o
                0x0000121c                MTIMER2_voidInit
 .text.MTimer0_voidSetDT
                0x0000130e      0x152 ./MCAL/MTIMER0/TIMER0.o
                0x0000130e                MTimer0_voidSetDT
 .text.MTimer0_voidSetCompareValue
                0x00001460        0x4 ./MCAL/MTIMER0/TIMER0.o
                0x00001460                MTimer0_voidSetCompareValue
 .text.__vector_11
                0x00001464       0x9e ./MCAL/MTIMER0/TIMER0.o
                0x00001464                __vector_11
 .text.MTimer0_voidInit
                0x00001502      0x102 ./MCAL/MTIMER0/TIMER0.o
                0x00001502                MTimer0_voidInit
 .text.MEXTI0_Init
                0x00001604       0x4e ./MCAL/MEXTI/EXTI.o
                0x00001604                MEXTI0_Init
 .text.MEXTI1_Init
                0x00001652       0x4e ./MCAL/MEXTI/EXTI.o
                0x00001652                MEXTI1_Init
 .text.MEXTI2_Init
                0x000016a0       0x28 ./MCAL/MEXTI/EXTI.o
                0x000016a0                MEXTI2_Init
 .text.MEXTI0_voidCallBAck
                0x000016c8        0xa ./MCAL/MEXTI/EXTI.o
                0x000016c8                MEXTI0_voidCallBAck
 .text.MEXTI1_voidCallBAck
                0x000016d2        0xa ./MCAL/MEXTI/EXTI.o
                0x000016d2                MEXTI1_voidCallBAck
 .text.MEXTI2_voidCallBAck
                0x000016dc        0xa ./MCAL/MEXTI/EXTI.o
                0x000016dc                MEXTI2_voidCallBAck
 .text.__vector_1
                0x000016e6       0x4e ./MCAL/MEXTI/EXTI.o
                0x000016e6                __vector_1
 .text.__vector_2
                0x00001734       0x4e ./MCAL/MEXTI/EXTI.o
                0x00001734                __vector_2
 .text.__vector_3
                0x00001782       0x4e ./MCAL/MEXTI/EXTI.o
                0x00001782                __vector_3
 .text.MDIO_voidInitPin
                0x000017d0       0xf2 ./MCAL/MDIO/DIO.o
                0x000017d0                MDIO_voidInitPin
 .text.MDIO_voidSetPinValue
                0x000018c2       0xf2 ./MCAL/MDIO/DIO.o
                0x000018c2                MDIO_voidSetPinValue
 .text.MDIO_voidTogPin
                0x000019b4       0x6a ./MCAL/MDIO/DIO.o
                0x000019b4                MDIO_voidTogPin
 .text.MDIO_u8ReadPin
                0x00001a1e       0x62 ./MCAL/MDIO/DIO.o
                0x00001a1e                MDIO_u8ReadPin
 .text.MDIO_voidInitPort
                0x00001a80       0x22 ./MCAL/MDIO/DIO.o
                0x00001a80                MDIO_voidInitPort
 .text.MDIO_voidSetPortValue
                0x00001aa2       0x22 ./MCAL/MDIO/DIO.o
                0x00001aa2                MDIO_voidSetPortValue
 .text.MDIO_voidTogPort
                0x00001ac4       0x32 ./MCAL/MDIO/DIO.o
                0x00001ac4                MDIO_voidTogPort
 .text.MDIO_u8ReadPort
                0x00001af6       0x22 ./MCAL/MDIO/DIO.o
                0x00001af6                MDIO_u8ReadPort
 .text.MADC_voidInit
                0x00001b18       0x72 ./MCAL/MADC/ADC.o
                0x00001b18                MADC_voidInit
 .text.MADC_voidStartConversion
                0x00001b8a       0x52 ./MCAL/MADC/ADC.o
                0x00001b8a                MADC_voidStartConversion
 .text.MADC_u16GetDataUsingInterrupt
                0x00001bdc        0x8 ./MCAL/MADC/ADC.o
                0x00001bdc                MADC_u16GetDataUsingInterrupt
 .text.MADC_u16GetDataUsingPolling
                0x00001be4        0xe ./MCAL/MADC/ADC.o
                0x00001be4                MADC_u16GetDataUsingPolling
 .text.MADC_voidCallBack
                0x00001bf2        0xa ./MCAL/MADC/ADC.o
                0x00001bf2                MADC_voidCallBack
 .text.__vector_16
                0x00001bfc       0x4e ./MCAL/MADC/ADC.o
                0x00001bfc                __vector_16
 .text.EEPROM_voidWrite
                0x00001c4a       0x10 ./MCAL/EEPROM/EEPROM.o
                0x00001c4a                EEPROM_voidWrite
 .text.EEPROM_u8Read
                0x00001c5a        0xa ./MCAL/EEPROM/EEPROM.o
                0x00001c5a                EEPROM_u8Read
 .text.POT_voidInit
                0x00001c64        0x2 ./HAL/MPOT/POT.o
                0x00001c64                POT_voidInit
 .text.POT_u16GetCurrent
                0x00001c66        0xc ./HAL/MPOT/POT.o
                0x00001c66                POT_u16GetCurrent
 .text.LM35_voidInit
                0x00001c72        0x2 ./HAL/HLM35/LM35.o
                0x00001c72                LM35_voidInit
 .text.LM35_u8GetTemperature
                0x00001c74       0x3e ./HAL/HLM35/LM35.o
                0x00001c74                LM35_u8GetTemperature
 .text.HLED_voidTog
                0x00001cb2        0x6 ./HAL/HLED/LED.o
                0x00001cb2                HLED_voidTog
 .text.HLED_voidTurnOff
                0x00001cb8        0x8 ./HAL/HLED/LED.o
                0x00001cb8                HLED_voidTurnOff
 .text.HLED_voidTurnOn
                0x00001cc0        0x8 ./HAL/HLED/LED.o
                0x00001cc0                HLED_voidTurnOn
 .text.HLED_voidInit
                0x00001cc8        0x8 ./HAL/HLED/LED.o
                0x00001cc8                HLED_voidInit
 .text.HERROR_u32PrintErrors
                0x00001cd0       0x52 ./HAL/HERROR/HERROR.o
                0x00001cd0                HERROR_u32PrintErrors
 .text.HERROR_voidCheckErrorRequest
                0x00001d22       0x42 ./HAL/HERROR/HERROR.o
                0x00001d22                HERROR_voidCheckErrorRequest
 .text.HERROR_voidCheckErrorRequestInit
                0x00001d64       0x28 ./HAL/HERROR/HERROR.o
                0x00001d64                HERROR_voidCheckErrorRequestInit
 .text.HERROR_voidSetError
                0x00001d8c       0x5a ./HAL/HERROR/HERROR.o
                0x00001d8c                HERROR_voidSetError
 .text.main     0x00001de6       0x86 ./APP/main.o
                0x00001de6                main
 .text.libgcc   0x00001e6c       0x3e d:/disktop/embedded system/sdk_win_64/imt_sdk_win_64/winavr/bin/../lib/gcc/avr/4.3.3/avr5\libgcc.a(_mulsi3.o)
                0x00001e6c                __mulsi3
 .text.libgcc   0x00001eaa       0x44 d:/disktop/embedded system/sdk_win_64/imt_sdk_win_64/winavr/bin/../lib/gcc/avr/4.3.3/avr5\libgcc.a(_udivmodsi4.o)
                0x00001eaa                __udivmodsi4
 .text.libgcc   0x00001eee        0x0 d:/disktop/embedded system/sdk_win_64/imt_sdk_win_64/winavr/bin/../lib/gcc/avr/4.3.3/avr5\libgcc.a(_exit.o)
 .text.libgcc   0x00001eee        0x0 d:/disktop/embedded system/sdk_win_64/imt_sdk_win_64/winavr/bin/../lib/gcc/avr/4.3.3/avr5\libgcc.a(_copy_data.o)
 .text.libgcc   0x00001eee        0x0 d:/disktop/embedded system/sdk_win_64/imt_sdk_win_64/winavr/bin/../lib/gcc/avr/4.3.3/avr5\libgcc.a(_clear_bss.o)
 .text.libgcc   0x00001eee       0x38 d:/disktop/embedded system/sdk_win_64/imt_sdk_win_64/winavr/bin/../lib/gcc/avr/4.3.3/avr5\libgcc.a(_prologue.o)
                0x00001eee                __prologue_saves__
 .text.libgcc   0x00001f26       0x36 d:/disktop/embedded system/sdk_win_64/imt_sdk_win_64/winavr/bin/../lib/gcc/avr/4.3.3/avr5\libgcc.a(_epilogue.o)
                0x00001f26                __epilogue_restores__
                0x00001f5c                . = ALIGN (0x2)
 *(.fini9)
 .fini9         0x00001f5c        0x0 d:/disktop/embedded system/sdk_win_64/imt_sdk_win_64/winavr/bin/../lib/gcc/avr/4.3.3/avr5\libgcc.a(_exit.o)
                0x00001f5c                exit
                0x00001f5c                _exit
 *(.fini9)
 *(.fini8)
 *(.fini8)
 *(.fini7)
 *(.fini7)
 *(.fini6)
 *(.fini6)
 *(.fini5)
 *(.fini5)
 *(.fini4)
 *(.fini4)
 *(.fini3)
 *(.fini3)
 *(.fini2)
 *(.fini2)
 *(.fini1)
 *(.fini1)
 *(.fini0)
 .fini0         0x00001f5c        0x4 d:/disktop/embedded system/sdk_win_64/imt_sdk_win_64/winavr/bin/../lib/gcc/avr/4.3.3/avr5\libgcc.a(_exit.o)
 *(.fini0)
                0x00001f60                _etext = .

.data           0x00800060      0x170 load address 0x00001f60
                0x00800060                PROVIDE (__data_start, .)
 *(.data)
 .data          0x00800060        0x0 d:/disktop/embedded system/sdk_win_64/imt_sdk_win_64/winavr/bin/../lib/gcc/avr/4.3.3/../../../../avr/lib/avr5/crtm32.o
 .data          0x00800060        0x0 ./MCAL/MUART/MUART.o
 .data          0x00800060        0x0 ./MCAL/MTIMER2/TIMER2.o
 .data          0x00800060        0x0 ./MCAL/MTIMER0/TIMER0.o
 .data          0x00800060        0x0 ./MCAL/MEXTI/EXTI.o
 .data          0x00800060        0x0 ./MCAL/MDIO/DIO.o
 .data          0x00800060        0x0 ./MCAL/MADC/ADC.o
 .data          0x00800060        0x0 ./MCAL/EEPROM/EEPROM.o
 .data          0x00800060        0x0 ./HAL/MPOT/POT.o
 .data          0x00800060        0x0 ./HAL/HLM35/LM35.o
 .data          0x00800060        0x0 ./HAL/HLED/LED.o
 .data          0x00800060       0x63 ./HAL/HERROR/HERROR.o
 .data          0x008000c3        0x4 ./APP/main.o
 .data          0x008000c7        0x0 d:/disktop/embedded system/sdk_win_64/imt_sdk_win_64/winavr/bin/../lib/gcc/avr/4.3.3/avr5\libgcc.a(_mulsi3.o)
 .data          0x008000c7        0x0 d:/disktop/embedded system/sdk_win_64/imt_sdk_win_64/winavr/bin/../lib/gcc/avr/4.3.3/avr5\libgcc.a(_udivmodsi4.o)
 .data          0x008000c7        0x0 d:/disktop/embedded system/sdk_win_64/imt_sdk_win_64/winavr/bin/../lib/gcc/avr/4.3.3/avr5\libgcc.a(_exit.o)
 .data          0x008000c7        0x0 d:/disktop/embedded system/sdk_win_64/imt_sdk_win_64/winavr/bin/../lib/gcc/avr/4.3.3/avr5\libgcc.a(_copy_data.o)
 .data          0x008000c7        0x0 d:/disktop/embedded system/sdk_win_64/imt_sdk_win_64/winavr/bin/../lib/gcc/avr/4.3.3/avr5\libgcc.a(_clear_bss.o)
 .data          0x008000c7        0x0 d:/disktop/embedded system/sdk_win_64/imt_sdk_win_64/winavr/bin/../lib/gcc/avr/4.3.3/avr5\libgcc.a(_fixunssfsi.o)
 .data          0x008000c7        0x0 d:/disktop/embedded system/sdk_win_64/imt_sdk_win_64/winavr/bin/../lib/gcc/avr/4.3.3/avr5\libgcc.a(_addsub_sf.o)
 .data          0x008000c7        0x0 d:/disktop/embedded system/sdk_win_64/imt_sdk_win_64/winavr/bin/../lib/gcc/avr/4.3.3/avr5\libgcc.a(_mul_sf.o)
 .data          0x008000c7        0x0 d:/disktop/embedded system/sdk_win_64/imt_sdk_win_64/winavr/bin/../lib/gcc/avr/4.3.3/avr5\libgcc.a(_div_sf.o)
 .data          0x008000c7        0x0 d:/disktop/embedded system/sdk_win_64/imt_sdk_win_64/winavr/bin/../lib/gcc/avr/4.3.3/avr5\libgcc.a(_eq_sf.o)
 .data          0x008000c7        0x0 d:/disktop/embedded system/sdk_win_64/imt_sdk_win_64/winavr/bin/../lib/gcc/avr/4.3.3/avr5\libgcc.a(_ne_sf.o)
 .data          0x008000c7        0x0 d:/disktop/embedded system/sdk_win_64/imt_sdk_win_64/winavr/bin/../lib/gcc/avr/4.3.3/avr5\libgcc.a(_gt_sf.o)
 .data          0x008000c7        0x0 d:/disktop/embedded system/sdk_win_64/imt_sdk_win_64/winavr/bin/../lib/gcc/avr/4.3.3/avr5\libgcc.a(_ge_sf.o)
 .data          0x008000c7        0x0 d:/disktop/embedded system/sdk_win_64/imt_sdk_win_64/winavr/bin/../lib/gcc/avr/4.3.3/avr5\libgcc.a(_lt_sf.o)
 .data          0x008000c7        0x0 d:/disktop/embedded system/sdk_win_64/imt_sdk_win_64/winavr/bin/../lib/gcc/avr/4.3.3/avr5\libgcc.a(_sf_to_si.o)
 .data          0x008000c7        0x8 d:/disktop/embedded system/sdk_win_64/imt_sdk_win_64/winavr/bin/../lib/gcc/avr/4.3.3/avr5\libgcc.a(_thenan_sf.o)
                0x008000c7                __thenan_sf
 .data          0x008000cf        0x0 d:/disktop/embedded system/sdk_win_64/imt_sdk_win_64/winavr/bin/../lib/gcc/avr/4.3.3/avr5\libgcc.a(_usi_to_sf.o)
 .data          0x008000cf        0x0 d:/disktop/embedded system/sdk_win_64/imt_sdk_win_64/winavr/bin/../lib/gcc/avr/4.3.3/avr5\libgcc.a(_prologue.o)
 .data          0x008000cf        0x0 d:/disktop/embedded system/sdk_win_64/imt_sdk_win_64/winavr/bin/../lib/gcc/avr/4.3.3/avr5\libgcc.a(_epilogue.o)
 .data          0x008000cf        0x0 d:/disktop/embedded system/sdk_win_64/imt_sdk_win_64/winavr/bin/../lib/gcc/avr/4.3.3/avr5\libgcc.a(_clzsi2.o)
 .data          0x008000cf        0x0 d:/disktop/embedded system/sdk_win_64/imt_sdk_win_64/winavr/bin/../lib/gcc/avr/4.3.3/avr5\libgcc.a(_pack_sf.o)
 .data          0x008000cf        0x0 d:/disktop/embedded system/sdk_win_64/imt_sdk_win_64/winavr/bin/../lib/gcc/avr/4.3.3/avr5\libgcc.a(_unpack_sf.o)
 .data          0x008000cf        0x0 d:/disktop/embedded system/sdk_win_64/imt_sdk_win_64/winavr/bin/../lib/gcc/avr/4.3.3/avr5\libgcc.a(_fpcmp_parts_sf.o)
 .data          0x008000cf      0x100 d:/disktop/embedded system/sdk_win_64/imt_sdk_win_64/winavr/bin/../lib/gcc/avr/4.3.3/avr5\libgcc.a(_clz.o)
                0x008000cf                __clz_tab
 *(.data*)
 *(.rodata)
 *(.rodata*)
 *(.gnu.linkonce.d*)
                0x008001d0                . = ALIGN (0x2)
 *fill*         0x008001cf        0x1 00
                0x008001d0                _edata = .
                0x008001d0                PROVIDE (__data_end, .)

.bss            0x008001d0       0x2e
                0x008001d0                PROVIDE (__bss_start, .)
 *(.bss)
 .bss           0x008001d0        0x0 d:/disktop/embedded system/sdk_win_64/imt_sdk_win_64/winavr/bin/../lib/gcc/avr/4.3.3/../../../../avr/lib/avr5/crtm32.o
 .bss           0x008001d0        0x0 ./MCAL/MUART/MUART.o
 .bss           0x008001d0        0x0 ./MCAL/MTIMER2/TIMER2.o
 .bss           0x008001d0        0x0 ./MCAL/MTIMER0/TIMER0.o
 .bss           0x008001d0        0x0 ./MCAL/MEXTI/EXTI.o
 .bss           0x008001d0        0x0 ./MCAL/MDIO/DIO.o
 .bss           0x008001d0        0x0 ./MCAL/MADC/ADC.o
 .bss           0x008001d0        0x0 ./MCAL/EEPROM/EEPROM.o
 .bss           0x008001d0        0x0 ./HAL/MPOT/POT.o
 .bss           0x008001d0        0x0 ./HAL/HLM35/LM35.o
 .bss           0x008001d0        0x0 ./HAL/HLED/LED.o
 .bss           0x008001d0        0x0 ./HAL/HERROR/HERROR.o
 .bss           0x008001d0        0x0 ./APP/main.o
 .bss           0x008001d0        0x0 d:/disktop/embedded system/sdk_win_64/imt_sdk_win_64/winavr/bin/../lib/gcc/avr/4.3.3/avr5\libgcc.a(_mulsi3.o)
 .bss           0x008001d0        0x0 d:/disktop/embedded system/sdk_win_64/imt_sdk_win_64/winavr/bin/../lib/gcc/avr/4.3.3/avr5\libgcc.a(_udivmodsi4.o)
 .bss           0x008001d0        0x0 d:/disktop/embedded system/sdk_win_64/imt_sdk_win_64/winavr/bin/../lib/gcc/avr/4.3.3/avr5\libgcc.a(_exit.o)
 .bss           0x008001d0        0x0 d:/disktop/embedded system/sdk_win_64/imt_sdk_win_64/winavr/bin/../lib/gcc/avr/4.3.3/avr5\libgcc.a(_copy_data.o)
 .bss           0x008001d0        0x0 d:/disktop/embedded system/sdk_win_64/imt_sdk_win_64/winavr/bin/../lib/gcc/avr/4.3.3/avr5\libgcc.a(_clear_bss.o)
 .bss           0x008001d0        0x0 d:/disktop/embedded system/sdk_win_64/imt_sdk_win_64/winavr/bin/../lib/gcc/avr/4.3.3/avr5\libgcc.a(_fixunssfsi.o)
 .bss           0x008001d0        0x0 d:/disktop/embedded system/sdk_win_64/imt_sdk_win_64/winavr/bin/../lib/gcc/avr/4.3.3/avr5\libgcc.a(_addsub_sf.o)
 .bss           0x008001d0        0x0 d:/disktop/embedded system/sdk_win_64/imt_sdk_win_64/winavr/bin/../lib/gcc/avr/4.3.3/avr5\libgcc.a(_mul_sf.o)
 .bss           0x008001d0        0x0 d:/disktop/embedded system/sdk_win_64/imt_sdk_win_64/winavr/bin/../lib/gcc/avr/4.3.3/avr5\libgcc.a(_div_sf.o)
 .bss           0x008001d0        0x0 d:/disktop/embedded system/sdk_win_64/imt_sdk_win_64/winavr/bin/../lib/gcc/avr/4.3.3/avr5\libgcc.a(_eq_sf.o)
 .bss           0x008001d0        0x0 d:/disktop/embedded system/sdk_win_64/imt_sdk_win_64/winavr/bin/../lib/gcc/avr/4.3.3/avr5\libgcc.a(_ne_sf.o)
 .bss           0x008001d0        0x0 d:/disktop/embedded system/sdk_win_64/imt_sdk_win_64/winavr/bin/../lib/gcc/avr/4.3.3/avr5\libgcc.a(_gt_sf.o)
 .bss           0x008001d0        0x0 d:/disktop/embedded system/sdk_win_64/imt_sdk_win_64/winavr/bin/../lib/gcc/avr/4.3.3/avr5\libgcc.a(_ge_sf.o)
 .bss           0x008001d0        0x0 d:/disktop/embedded system/sdk_win_64/imt_sdk_win_64/winavr/bin/../lib/gcc/avr/4.3.3/avr5\libgcc.a(_lt_sf.o)
 .bss           0x008001d0        0x0 d:/disktop/embedded system/sdk_win_64/imt_sdk_win_64/winavr/bin/../lib/gcc/avr/4.3.3/avr5\libgcc.a(_sf_to_si.o)
 .bss           0x008001d0        0x0 d:/disktop/embedded system/sdk_win_64/imt_sdk_win_64/winavr/bin/../lib/gcc/avr/4.3.3/avr5\libgcc.a(_thenan_sf.o)
 .bss           0x008001d0        0x0 d:/disktop/embedded system/sdk_win_64/imt_sdk_win_64/winavr/bin/../lib/gcc/avr/4.3.3/avr5\libgcc.a(_usi_to_sf.o)
 .bss           0x008001d0        0x0 d:/disktop/embedded system/sdk_win_64/imt_sdk_win_64/winavr/bin/../lib/gcc/avr/4.3.3/avr5\libgcc.a(_prologue.o)
 .bss           0x008001d0        0x0 d:/disktop/embedded system/sdk_win_64/imt_sdk_win_64/winavr/bin/../lib/gcc/avr/4.3.3/avr5\libgcc.a(_epilogue.o)
 .bss           0x008001d0        0x0 d:/disktop/embedded system/sdk_win_64/imt_sdk_win_64/winavr/bin/../lib/gcc/avr/4.3.3/avr5\libgcc.a(_clzsi2.o)
 .bss           0x008001d0        0x0 d:/disktop/embedded system/sdk_win_64/imt_sdk_win_64/winavr/bin/../lib/gcc/avr/4.3.3/avr5\libgcc.a(_pack_sf.o)
 .bss           0x008001d0        0x0 d:/disktop/embedded system/sdk_win_64/imt_sdk_win_64/winavr/bin/../lib/gcc/avr/4.3.3/avr5\libgcc.a(_unpack_sf.o)
 .bss           0x008001d0        0x0 d:/disktop/embedded system/sdk_win_64/imt_sdk_win_64/winavr/bin/../lib/gcc/avr/4.3.3/avr5\libgcc.a(_fpcmp_parts_sf.o)
 .bss           0x008001d0        0x0 d:/disktop/embedded system/sdk_win_64/imt_sdk_win_64/winavr/bin/../lib/gcc/avr/4.3.3/avr5\libgcc.a(_clz.o)
 *(.bss*)
 .bss.SL_u8CurrentPos.1273
                0x008001d0        0x1 ./MCAL/MUART/MUART.o
 .bss.G_u32Counter
                0x008001d1        0x4 ./MCAL/MTIMER2/TIMER2.o
                0x008001d1                G_u32Counter
 .bss.LS_u32Counter.1397
                0x008001d5        0x4 ./MCAL/MTIMER0/TIMER0.o
 .bss.G_u8TempErrorLogged
                0x008001d9        0x1 ./HAL/HERROR/HERROR.o
                0x008001d9                G_u8TempErrorLogged
 .bss.G_u8LowCurrErrorLogged
                0x008001da        0x1 ./HAL/HERROR/HERROR.o
                0x008001da                G_u8LowCurrErrorLogged
 .bss.G_u8HighCurrErrorLogged
                0x008001db        0x1 ./HAL/HERROR/HERROR.o
                0x008001db                G_u8HighCurrErrorLogged
 .bss.SL_u8InputPosition.1237
                0x008001dc        0x1 ./HAL/HERROR/HERROR.o
 *(COMMON)
 COMMON         0x008001dd        0x2 ./MCAL/MUART/MUART.o
                0x008001dd                GP_u8CurrentString
 COMMON         0x008001df        0xa ./MCAL/MTIMER2/TIMER2.o
                0x008001df                G_u32TimerPrescaller
                0x008001e3                Timer2_ptr
                0x008001e5                G_u32Desicount
 COMMON         0x008001e9        0xa ./MCAL/MTIMER0/TIMER0.o
                0x008001e9                Timer0_ptr
                0x008001eb                G_u32DesiredCounts
                0x008001ef                G_u32Timer0Prescaller
 COMMON         0x008001f3        0x6 ./MCAL/MEXTI/EXTI.o
                0x008001f3                EXTI1_Ptr
                0x008001f5                EXTI2_Ptr
                0x008001f7                EXTI0_Ptr
 COMMON         0x008001f9        0x2 ./MCAL/MADC/ADC.o
                0x008001f9                ADC_ptr
 COMMON         0x008001fb        0x3 ./HAL/HERROR/HERROR.o
                0x008001fb                GP_u8CorrectPassword
                0x008001fd                G_u8PassLength
                0x008001fe                PROVIDE (__bss_end, .)
                0x00001f60                __data_load_start = LOADADDR (.data)
                0x000020d0                __data_load_end = (__data_load_start + SIZEOF (.data))

.noinit         0x008001fe        0x0
                0x008001fe                PROVIDE (__noinit_start, .)
 *(.noinit*)
                0x008001fe                PROVIDE (__noinit_end, .)
                0x008001fe                _end = .
                0x008001fe                PROVIDE (__heap_start, .)

.eeprom         0x00810000        0x0
 *(.eeprom*)
                0x00810000                __eeprom_end = .

.fuse
 *(.fuse)
 *(.lfuse)
 *(.hfuse)
 *(.efuse)

.lock
 *(.lock*)

.signature
 *(.signature*)

.stab
 *(.stab)

.stabstr
 *(.stabstr)

.stab.excl
 *(.stab.excl)

.stab.exclstr
 *(.stab.exclstr)

.stab.index
 *(.stab.index)

.stab.indexstr
 *(.stab.indexstr)

.comment
 *(.comment)

.debug
 *(.debug)

.line
 *(.line)

.debug_srcinfo
 *(.debug_srcinfo)

.debug_sfnames
 *(.debug_sfnames)

.debug_aranges  0x00000000      0x1e0
 *(.debug_aranges)
 .debug_aranges
                0x00000000       0x20 d:/disktop/embedded system/sdk_win_64/imt_sdk_win_64/winavr/bin/../lib/gcc/avr/4.3.3/avr5\libgcc.a(_fixunssfsi.o)
 .debug_aranges
                0x00000020       0x20 d:/disktop/embedded system/sdk_win_64/imt_sdk_win_64/winavr/bin/../lib/gcc/avr/4.3.3/avr5\libgcc.a(_addsub_sf.o)
 .debug_aranges
                0x00000040       0x20 d:/disktop/embedded system/sdk_win_64/imt_sdk_win_64/winavr/bin/../lib/gcc/avr/4.3.3/avr5\libgcc.a(_mul_sf.o)
 .debug_aranges
                0x00000060       0x20 d:/disktop/embedded system/sdk_win_64/imt_sdk_win_64/winavr/bin/../lib/gcc/avr/4.3.3/avr5\libgcc.a(_div_sf.o)
 .debug_aranges
                0x00000080       0x20 d:/disktop/embedded system/sdk_win_64/imt_sdk_win_64/winavr/bin/../lib/gcc/avr/4.3.3/avr5\libgcc.a(_eq_sf.o)
 .debug_aranges
                0x000000a0       0x20 d:/disktop/embedded system/sdk_win_64/imt_sdk_win_64/winavr/bin/../lib/gcc/avr/4.3.3/avr5\libgcc.a(_ne_sf.o)
 .debug_aranges
                0x000000c0       0x20 d:/disktop/embedded system/sdk_win_64/imt_sdk_win_64/winavr/bin/../lib/gcc/avr/4.3.3/avr5\libgcc.a(_gt_sf.o)
 .debug_aranges
                0x000000e0       0x20 d:/disktop/embedded system/sdk_win_64/imt_sdk_win_64/winavr/bin/../lib/gcc/avr/4.3.3/avr5\libgcc.a(_ge_sf.o)
 .debug_aranges
                0x00000100       0x20 d:/disktop/embedded system/sdk_win_64/imt_sdk_win_64/winavr/bin/../lib/gcc/avr/4.3.3/avr5\libgcc.a(_lt_sf.o)
 .debug_aranges
                0x00000120       0x20 d:/disktop/embedded system/sdk_win_64/imt_sdk_win_64/winavr/bin/../lib/gcc/avr/4.3.3/avr5\libgcc.a(_sf_to_si.o)
 .debug_aranges
                0x00000140       0x20 d:/disktop/embedded system/sdk_win_64/imt_sdk_win_64/winavr/bin/../lib/gcc/avr/4.3.3/avr5\libgcc.a(_usi_to_sf.o)
 .debug_aranges
                0x00000160       0x20 d:/disktop/embedded system/sdk_win_64/imt_sdk_win_64/winavr/bin/../lib/gcc/avr/4.3.3/avr5\libgcc.a(_clzsi2.o)
 .debug_aranges
                0x00000180       0x20 d:/disktop/embedded system/sdk_win_64/imt_sdk_win_64/winavr/bin/../lib/gcc/avr/4.3.3/avr5\libgcc.a(_pack_sf.o)
 .debug_aranges
                0x000001a0       0x20 d:/disktop/embedded system/sdk_win_64/imt_sdk_win_64/winavr/bin/../lib/gcc/avr/4.3.3/avr5\libgcc.a(_unpack_sf.o)
 .debug_aranges
                0x000001c0       0x20 d:/disktop/embedded system/sdk_win_64/imt_sdk_win_64/winavr/bin/../lib/gcc/avr/4.3.3/avr5\libgcc.a(_fpcmp_parts_sf.o)

.debug_pubnames
                0x00000000      0x22e
 *(.debug_pubnames)
 .debug_pubnames
                0x00000000       0x23 d:/disktop/embedded system/sdk_win_64/imt_sdk_win_64/winavr/bin/../lib/gcc/avr/4.3.3/avr5\libgcc.a(_fixunssfsi.o)
 .debug_pubnames
                0x00000023       0x2c d:/disktop/embedded system/sdk_win_64/imt_sdk_win_64/winavr/bin/../lib/gcc/avr/4.3.3/avr5\libgcc.a(_addsub_sf.o)
 .debug_pubnames
                0x0000004f       0x1f d:/disktop/embedded system/sdk_win_64/imt_sdk_win_64/winavr/bin/../lib/gcc/avr/4.3.3/avr5\libgcc.a(_mul_sf.o)
 .debug_pubnames
                0x0000006e       0x1f d:/disktop/embedded system/sdk_win_64/imt_sdk_win_64/winavr/bin/../lib/gcc/avr/4.3.3/avr5\libgcc.a(_div_sf.o)
 .debug_pubnames
                0x0000008d       0x1e d:/disktop/embedded system/sdk_win_64/imt_sdk_win_64/winavr/bin/../lib/gcc/avr/4.3.3/avr5\libgcc.a(_eq_sf.o)
 .debug_pubnames
                0x000000ab       0x1e d:/disktop/embedded system/sdk_win_64/imt_sdk_win_64/winavr/bin/../lib/gcc/avr/4.3.3/avr5\libgcc.a(_ne_sf.o)
 .debug_pubnames
                0x000000c9       0x1e d:/disktop/embedded system/sdk_win_64/imt_sdk_win_64/winavr/bin/../lib/gcc/avr/4.3.3/avr5\libgcc.a(_gt_sf.o)
 .debug_pubnames
                0x000000e7       0x1e d:/disktop/embedded system/sdk_win_64/imt_sdk_win_64/winavr/bin/../lib/gcc/avr/4.3.3/avr5\libgcc.a(_ge_sf.o)
 .debug_pubnames
                0x00000105       0x1e d:/disktop/embedded system/sdk_win_64/imt_sdk_win_64/winavr/bin/../lib/gcc/avr/4.3.3/avr5\libgcc.a(_lt_sf.o)
 .debug_pubnames
                0x00000123       0x20 d:/disktop/embedded system/sdk_win_64/imt_sdk_win_64/winavr/bin/../lib/gcc/avr/4.3.3/avr5\libgcc.a(_sf_to_si.o)
 .debug_pubnames
                0x00000143       0x22 d:/disktop/embedded system/sdk_win_64/imt_sdk_win_64/winavr/bin/../lib/gcc/avr/4.3.3/avr5\libgcc.a(_thenan_sf.o)
 .debug_pubnames
                0x00000165       0x24 d:/disktop/embedded system/sdk_win_64/imt_sdk_win_64/winavr/bin/../lib/gcc/avr/4.3.3/avr5\libgcc.a(_usi_to_sf.o)
 .debug_pubnames
                0x00000189       0x1f d:/disktop/embedded system/sdk_win_64/imt_sdk_win_64/winavr/bin/../lib/gcc/avr/4.3.3/avr5\libgcc.a(_clzsi2.o)
 .debug_pubnames
                0x000001a8       0x1f d:/disktop/embedded system/sdk_win_64/imt_sdk_win_64/winavr/bin/../lib/gcc/avr/4.3.3/avr5\libgcc.a(_pack_sf.o)
 .debug_pubnames
                0x000001c7       0x21 d:/disktop/embedded system/sdk_win_64/imt_sdk_win_64/winavr/bin/../lib/gcc/avr/4.3.3/avr5\libgcc.a(_unpack_sf.o)
 .debug_pubnames
                0x000001e8       0x26 d:/disktop/embedded system/sdk_win_64/imt_sdk_win_64/winavr/bin/../lib/gcc/avr/4.3.3/avr5\libgcc.a(_fpcmp_parts_sf.o)
 .debug_pubnames
                0x0000020e       0x20 d:/disktop/embedded system/sdk_win_64/imt_sdk_win_64/winavr/bin/../lib/gcc/avr/4.3.3/avr5\libgcc.a(_clz.o)

.debug_info     0x00000000     0x2909
 *(.debug_info)
 .debug_info    0x00000000       0xb1 d:/disktop/embedded system/sdk_win_64/imt_sdk_win_64/winavr/bin/../lib/gcc/avr/4.3.3/avr5\libgcc.a(_fixunssfsi.o)
 .debug_info    0x000000b1      0x47a d:/disktop/embedded system/sdk_win_64/imt_sdk_win_64/winavr/bin/../lib/gcc/avr/4.3.3/avr5\libgcc.a(_addsub_sf.o)
 .debug_info    0x0000052b      0x485 d:/disktop/embedded system/sdk_win_64/imt_sdk_win_64/winavr/bin/../lib/gcc/avr/4.3.3/avr5\libgcc.a(_mul_sf.o)
 .debug_info    0x000009b0      0x3fc d:/disktop/embedded system/sdk_win_64/imt_sdk_win_64/winavr/bin/../lib/gcc/avr/4.3.3/avr5\libgcc.a(_div_sf.o)
 .debug_info    0x00000dac      0x27f d:/disktop/embedded system/sdk_win_64/imt_sdk_win_64/winavr/bin/../lib/gcc/avr/4.3.3/avr5\libgcc.a(_eq_sf.o)
 .debug_info    0x0000102b      0x27f d:/disktop/embedded system/sdk_win_64/imt_sdk_win_64/winavr/bin/../lib/gcc/avr/4.3.3/avr5\libgcc.a(_ne_sf.o)
 .debug_info    0x000012aa      0x27f d:/disktop/embedded system/sdk_win_64/imt_sdk_win_64/winavr/bin/../lib/gcc/avr/4.3.3/avr5\libgcc.a(_gt_sf.o)
 .debug_info    0x00001529      0x27f d:/disktop/embedded system/sdk_win_64/imt_sdk_win_64/winavr/bin/../lib/gcc/avr/4.3.3/avr5\libgcc.a(_ge_sf.o)
 .debug_info    0x000017a8      0x27f d:/disktop/embedded system/sdk_win_64/imt_sdk_win_64/winavr/bin/../lib/gcc/avr/4.3.3/avr5\libgcc.a(_lt_sf.o)
 .debug_info    0x00001a27      0x2b0 d:/disktop/embedded system/sdk_win_64/imt_sdk_win_64/winavr/bin/../lib/gcc/avr/4.3.3/avr5\libgcc.a(_sf_to_si.o)
 .debug_info    0x00001cd7      0x12c d:/disktop/embedded system/sdk_win_64/imt_sdk_win_64/winavr/bin/../lib/gcc/avr/4.3.3/avr5\libgcc.a(_thenan_sf.o)
 .debug_info    0x00001e03      0x206 d:/disktop/embedded system/sdk_win_64/imt_sdk_win_64/winavr/bin/../lib/gcc/avr/4.3.3/avr5\libgcc.a(_usi_to_sf.o)
 .debug_info    0x00002009      0x117 d:/disktop/embedded system/sdk_win_64/imt_sdk_win_64/winavr/bin/../lib/gcc/avr/4.3.3/avr5\libgcc.a(_clzsi2.o)
 .debug_info    0x00002120      0x2df d:/disktop/embedded system/sdk_win_64/imt_sdk_win_64/winavr/bin/../lib/gcc/avr/4.3.3/avr5\libgcc.a(_pack_sf.o)
 .debug_info    0x000023ff      0x251 d:/disktop/embedded system/sdk_win_64/imt_sdk_win_64/winavr/bin/../lib/gcc/avr/4.3.3/avr5\libgcc.a(_unpack_sf.o)
 .debug_info    0x00002650      0x210 d:/disktop/embedded system/sdk_win_64/imt_sdk_win_64/winavr/bin/../lib/gcc/avr/4.3.3/avr5\libgcc.a(_fpcmp_parts_sf.o)
 .debug_info    0x00002860       0xa9 d:/disktop/embedded system/sdk_win_64/imt_sdk_win_64/winavr/bin/../lib/gcc/avr/4.3.3/avr5\libgcc.a(_clz.o)
 *(.gnu.linkonce.wi.*)

.debug_abbrev   0x00000000     0x163a
 *(.debug_abbrev)
 .debug_abbrev  0x00000000       0x5d d:/disktop/embedded system/sdk_win_64/imt_sdk_win_64/winavr/bin/../lib/gcc/avr/4.3.3/avr5\libgcc.a(_fixunssfsi.o)
 .debug_abbrev  0x0000005d      0x1ea d:/disktop/embedded system/sdk_win_64/imt_sdk_win_64/winavr/bin/../lib/gcc/avr/4.3.3/avr5\libgcc.a(_addsub_sf.o)
 .debug_abbrev  0x00000247      0x21b d:/disktop/embedded system/sdk_win_64/imt_sdk_win_64/winavr/bin/../lib/gcc/avr/4.3.3/avr5\libgcc.a(_mul_sf.o)
 .debug_abbrev  0x00000462      0x216 d:/disktop/embedded system/sdk_win_64/imt_sdk_win_64/winavr/bin/../lib/gcc/avr/4.3.3/avr5\libgcc.a(_div_sf.o)
 .debug_abbrev  0x00000678      0x15a d:/disktop/embedded system/sdk_win_64/imt_sdk_win_64/winavr/bin/../lib/gcc/avr/4.3.3/avr5\libgcc.a(_eq_sf.o)
 .debug_abbrev  0x000007d2      0x15a d:/disktop/embedded system/sdk_win_64/imt_sdk_win_64/winavr/bin/../lib/gcc/avr/4.3.3/avr5\libgcc.a(_ne_sf.o)
 .debug_abbrev  0x0000092c      0x15a d:/disktop/embedded system/sdk_win_64/imt_sdk_win_64/winavr/bin/../lib/gcc/avr/4.3.3/avr5\libgcc.a(_gt_sf.o)
 .debug_abbrev  0x00000a86      0x15a d:/disktop/embedded system/sdk_win_64/imt_sdk_win_64/winavr/bin/../lib/gcc/avr/4.3.3/avr5\libgcc.a(_ge_sf.o)
 .debug_abbrev  0x00000be0      0x15a d:/disktop/embedded system/sdk_win_64/imt_sdk_win_64/winavr/bin/../lib/gcc/avr/4.3.3/avr5\libgcc.a(_lt_sf.o)
 .debug_abbrev  0x00000d3a      0x17f d:/disktop/embedded system/sdk_win_64/imt_sdk_win_64/winavr/bin/../lib/gcc/avr/4.3.3/avr5\libgcc.a(_sf_to_si.o)
 .debug_abbrev  0x00000eb9       0xad d:/disktop/embedded system/sdk_win_64/imt_sdk_win_64/winavr/bin/../lib/gcc/avr/4.3.3/avr5\libgcc.a(_thenan_sf.o)
 .debug_abbrev  0x00000f66      0x157 d:/disktop/embedded system/sdk_win_64/imt_sdk_win_64/winavr/bin/../lib/gcc/avr/4.3.3/avr5\libgcc.a(_usi_to_sf.o)
 .debug_abbrev  0x000010bd       0xc4 d:/disktop/embedded system/sdk_win_64/imt_sdk_win_64/winavr/bin/../lib/gcc/avr/4.3.3/avr5\libgcc.a(_clzsi2.o)
 .debug_abbrev  0x00001181      0x1c0 d:/disktop/embedded system/sdk_win_64/imt_sdk_win_64/winavr/bin/../lib/gcc/avr/4.3.3/avr5\libgcc.a(_pack_sf.o)
 .debug_abbrev  0x00001341      0x154 d:/disktop/embedded system/sdk_win_64/imt_sdk_win_64/winavr/bin/../lib/gcc/avr/4.3.3/avr5\libgcc.a(_unpack_sf.o)
 .debug_abbrev  0x00001495      0x13b d:/disktop/embedded system/sdk_win_64/imt_sdk_win_64/winavr/bin/../lib/gcc/avr/4.3.3/avr5\libgcc.a(_fpcmp_parts_sf.o)
 .debug_abbrev  0x000015d0       0x6a d:/disktop/embedded system/sdk_win_64/imt_sdk_win_64/winavr/bin/../lib/gcc/avr/4.3.3/avr5\libgcc.a(_clz.o)

.debug_line     0x00000000     0x137c
 *(.debug_line)
 .debug_line    0x00000000       0xa7 d:/disktop/embedded system/sdk_win_64/imt_sdk_win_64/winavr/bin/../lib/gcc/avr/4.3.3/avr5\libgcc.a(_fixunssfsi.o)
 .debug_line    0x000000a7      0x2af d:/disktop/embedded system/sdk_win_64/imt_sdk_win_64/winavr/bin/../lib/gcc/avr/4.3.3/avr5\libgcc.a(_addsub_sf.o)
 .debug_line    0x00000356      0x239 d:/disktop/embedded system/sdk_win_64/imt_sdk_win_64/winavr/bin/../lib/gcc/avr/4.3.3/avr5\libgcc.a(_mul_sf.o)
 .debug_line    0x0000058f      0x1d5 d:/disktop/embedded system/sdk_win_64/imt_sdk_win_64/winavr/bin/../lib/gcc/avr/4.3.3/avr5\libgcc.a(_div_sf.o)
 .debug_line    0x00000764       0xd3 d:/disktop/embedded system/sdk_win_64/imt_sdk_win_64/winavr/bin/../lib/gcc/avr/4.3.3/avr5\libgcc.a(_eq_sf.o)
 .debug_line    0x00000837       0xd3 d:/disktop/embedded system/sdk_win_64/imt_sdk_win_64/winavr/bin/../lib/gcc/avr/4.3.3/avr5\libgcc.a(_ne_sf.o)
 .debug_line    0x0000090a       0xd3 d:/disktop/embedded system/sdk_win_64/imt_sdk_win_64/winavr/bin/../lib/gcc/avr/4.3.3/avr5\libgcc.a(_gt_sf.o)
 .debug_line    0x000009dd       0xd3 d:/disktop/embedded system/sdk_win_64/imt_sdk_win_64/winavr/bin/../lib/gcc/avr/4.3.3/avr5\libgcc.a(_ge_sf.o)
 .debug_line    0x00000ab0       0xd3 d:/disktop/embedded system/sdk_win_64/imt_sdk_win_64/winavr/bin/../lib/gcc/avr/4.3.3/avr5\libgcc.a(_lt_sf.o)
 .debug_line    0x00000b83      0x109 d:/disktop/embedded system/sdk_win_64/imt_sdk_win_64/winavr/bin/../lib/gcc/avr/4.3.3/avr5\libgcc.a(_sf_to_si.o)
 .debug_line    0x00000c8c       0x90 d:/disktop/embedded system/sdk_win_64/imt_sdk_win_64/winavr/bin/../lib/gcc/avr/4.3.3/avr5\libgcc.a(_thenan_sf.o)
 .debug_line    0x00000d1c      0x133 d:/disktop/embedded system/sdk_win_64/imt_sdk_win_64/winavr/bin/../lib/gcc/avr/4.3.3/avr5\libgcc.a(_usi_to_sf.o)
 .debug_line    0x00000e4f       0xa5 d:/disktop/embedded system/sdk_win_64/imt_sdk_win_64/winavr/bin/../lib/gcc/avr/4.3.3/avr5\libgcc.a(_clzsi2.o)
 .debug_line    0x00000ef4      0x18a d:/disktop/embedded system/sdk_win_64/imt_sdk_win_64/winavr/bin/../lib/gcc/avr/4.3.3/avr5\libgcc.a(_pack_sf.o)
 .debug_line    0x0000107e      0x14b d:/disktop/embedded system/sdk_win_64/imt_sdk_win_64/winavr/bin/../lib/gcc/avr/4.3.3/avr5\libgcc.a(_unpack_sf.o)
 .debug_line    0x000011c9      0x137 d:/disktop/embedded system/sdk_win_64/imt_sdk_win_64/winavr/bin/../lib/gcc/avr/4.3.3/avr5\libgcc.a(_fpcmp_parts_sf.o)
 .debug_line    0x00001300       0x7c d:/disktop/embedded system/sdk_win_64/imt_sdk_win_64/winavr/bin/../lib/gcc/avr/4.3.3/avr5\libgcc.a(_clz.o)

.debug_frame    0x00000000      0x200
 *(.debug_frame)
 .debug_frame   0x00000000       0x20 d:/disktop/embedded system/sdk_win_64/imt_sdk_win_64/winavr/bin/../lib/gcc/avr/4.3.3/avr5\libgcc.a(_fixunssfsi.o)
 .debug_frame   0x00000020       0x40 d:/disktop/embedded system/sdk_win_64/imt_sdk_win_64/winavr/bin/../lib/gcc/avr/4.3.3/avr5\libgcc.a(_addsub_sf.o)
 .debug_frame   0x00000060       0x20 d:/disktop/embedded system/sdk_win_64/imt_sdk_win_64/winavr/bin/../lib/gcc/avr/4.3.3/avr5\libgcc.a(_mul_sf.o)
 .debug_frame   0x00000080       0x20 d:/disktop/embedded system/sdk_win_64/imt_sdk_win_64/winavr/bin/../lib/gcc/avr/4.3.3/avr5\libgcc.a(_div_sf.o)
 .debug_frame   0x000000a0       0x20 d:/disktop/embedded system/sdk_win_64/imt_sdk_win_64/winavr/bin/../lib/gcc/avr/4.3.3/avr5\libgcc.a(_eq_sf.o)
 .debug_frame   0x000000c0       0x20 d:/disktop/embedded system/sdk_win_64/imt_sdk_win_64/winavr/bin/../lib/gcc/avr/4.3.3/avr5\libgcc.a(_ne_sf.o)
 .debug_frame   0x000000e0       0x20 d:/disktop/embedded system/sdk_win_64/imt_sdk_win_64/winavr/bin/../lib/gcc/avr/4.3.3/avr5\libgcc.a(_gt_sf.o)
 .debug_frame   0x00000100       0x20 d:/disktop/embedded system/sdk_win_64/imt_sdk_win_64/winavr/bin/../lib/gcc/avr/4.3.3/avr5\libgcc.a(_ge_sf.o)
 .debug_frame   0x00000120       0x20 d:/disktop/embedded system/sdk_win_64/imt_sdk_win_64/winavr/bin/../lib/gcc/avr/4.3.3/avr5\libgcc.a(_lt_sf.o)
 .debug_frame   0x00000140       0x20 d:/disktop/embedded system/sdk_win_64/imt_sdk_win_64/winavr/bin/../lib/gcc/avr/4.3.3/avr5\libgcc.a(_sf_to_si.o)
 .debug_frame   0x00000160       0x20 d:/disktop/embedded system/sdk_win_64/imt_sdk_win_64/winavr/bin/../lib/gcc/avr/4.3.3/avr5\libgcc.a(_usi_to_sf.o)
 .debug_frame   0x00000180       0x20 d:/disktop/embedded system/sdk_win_64/imt_sdk_win_64/winavr/bin/../lib/gcc/avr/4.3.3/avr5\libgcc.a(_clzsi2.o)
 .debug_frame   0x000001a0       0x20 d:/disktop/embedded system/sdk_win_64/imt_sdk_win_64/winavr/bin/../lib/gcc/avr/4.3.3/avr5\libgcc.a(_pack_sf.o)
 .debug_frame   0x000001c0       0x20 d:/disktop/embedded system/sdk_win_64/imt_sdk_win_64/winavr/bin/../lib/gcc/avr/4.3.3/avr5\libgcc.a(_unpack_sf.o)
 .debug_frame   0x000001e0       0x20 d:/disktop/embedded system/sdk_win_64/imt_sdk_win_64/winavr/bin/../lib/gcc/avr/4.3.3/avr5\libgcc.a(_fpcmp_parts_sf.o)

.debug_str      0x00000000      0x306
 *(.debug_str)
 .debug_str     0x00000000       0xbf d:/disktop/embedded system/sdk_win_64/imt_sdk_win_64/winavr/bin/../lib/gcc/avr/4.3.3/avr5\libgcc.a(_fixunssfsi.o)
                                 0xfe (size before relaxing)
 .debug_str     0x000000bf      0x14d d:/disktop/embedded system/sdk_win_64/imt_sdk_win_64/winavr/bin/../lib/gcc/avr/4.3.3/avr5\libgcc.a(_addsub_sf.o)
                                0x206 (size before relaxing)
 .debug_str     0x0000020c       0x27 d:/disktop/embedded system/sdk_win_64/imt_sdk_win_64/winavr/bin/../lib/gcc/avr/4.3.3/avr5\libgcc.a(_mul_sf.o)
                                0x1bf (size before relaxing)
 .debug_str     0x00000233       0x35 d:/disktop/embedded system/sdk_win_64/imt_sdk_win_64/winavr/bin/../lib/gcc/avr/4.3.3/avr5\libgcc.a(_div_sf.o)
                                0x1c8 (size before relaxing)
 .debug_str     0x00000268        0x8 d:/disktop/embedded system/sdk_win_64/imt_sdk_win_64/winavr/bin/../lib/gcc/avr/4.3.3/avr5\libgcc.a(_eq_sf.o)
                                0x195 (size before relaxing)
 .debug_str     0x00000270        0x8 d:/disktop/embedded system/sdk_win_64/imt_sdk_win_64/winavr/bin/../lib/gcc/avr/4.3.3/avr5\libgcc.a(_ne_sf.o)
                                0x195 (size before relaxing)
 .debug_str     0x00000278        0x8 d:/disktop/embedded system/sdk_win_64/imt_sdk_win_64/winavr/bin/../lib/gcc/avr/4.3.3/avr5\libgcc.a(_gt_sf.o)
                                0x195 (size before relaxing)
 .debug_str     0x00000280        0x8 d:/disktop/embedded system/sdk_win_64/imt_sdk_win_64/winavr/bin/../lib/gcc/avr/4.3.3/avr5\libgcc.a(_ge_sf.o)
                                0x195 (size before relaxing)
 .debug_str     0x00000288        0x8 d:/disktop/embedded system/sdk_win_64/imt_sdk_win_64/winavr/bin/../lib/gcc/avr/4.3.3/avr5\libgcc.a(_lt_sf.o)
                                0x195 (size before relaxing)
 .debug_str     0x00000290        0xa d:/disktop/embedded system/sdk_win_64/imt_sdk_win_64/winavr/bin/../lib/gcc/avr/4.3.3/avr5\libgcc.a(_sf_to_si.o)
                                0x19e (size before relaxing)
 .debug_str     0x00000000      0x103 d:/disktop/embedded system/sdk_win_64/imt_sdk_win_64/winavr/bin/../lib/gcc/avr/4.3.3/avr5\libgcc.a(_thenan_sf.o)
 .debug_str     0x0000029a       0x21 d:/disktop/embedded system/sdk_win_64/imt_sdk_win_64/winavr/bin/../lib/gcc/avr/4.3.3/avr5\libgcc.a(_usi_to_sf.o)
                                0x177 (size before relaxing)
 .debug_str     0x000002bb       0x20 d:/disktop/embedded system/sdk_win_64/imt_sdk_win_64/winavr/bin/../lib/gcc/avr/4.3.3/avr5\libgcc.a(_clzsi2.o)
                                0x111 (size before relaxing)
 .debug_str     0x000002db       0x10 d:/disktop/embedded system/sdk_win_64/imt_sdk_win_64/winavr/bin/../lib/gcc/avr/4.3.3/avr5\libgcc.a(_pack_sf.o)
                                0x19d (size before relaxing)
 .debug_str     0x000002eb        0xb d:/disktop/embedded system/sdk_win_64/imt_sdk_win_64/winavr/bin/../lib/gcc/avr/4.3.3/avr5\libgcc.a(_unpack_sf.o)
                                0x17f (size before relaxing)
 .debug_str     0x000002f6       0x10 d:/disktop/embedded system/sdk_win_64/imt_sdk_win_64/winavr/bin/../lib/gcc/avr/4.3.3/avr5\libgcc.a(_fpcmp_parts_sf.o)
                                0x163 (size before relaxing)
 .debug_str     0x00000000       0xf4 d:/disktop/embedded system/sdk_win_64/imt_sdk_win_64/winavr/bin/../lib/gcc/avr/4.3.3/avr5\libgcc.a(_clz.o)

.debug_loc      0x00000000      0x9e6
 *(.debug_loc)
 .debug_loc     0x00000000       0x34 d:/disktop/embedded system/sdk_win_64/imt_sdk_win_64/winavr/bin/../lib/gcc/avr/4.3.3/avr5\libgcc.a(_fixunssfsi.o)
 .debug_loc     0x00000034      0x32a d:/disktop/embedded system/sdk_win_64/imt_sdk_win_64/winavr/bin/../lib/gcc/avr/4.3.3/avr5\libgcc.a(_addsub_sf.o)
 .debug_loc     0x0000035e      0x104 d:/disktop/embedded system/sdk_win_64/imt_sdk_win_64/winavr/bin/../lib/gcc/avr/4.3.3/avr5\libgcc.a(_mul_sf.o)
 .debug_loc     0x00000462       0xc0 d:/disktop/embedded system/sdk_win_64/imt_sdk_win_64/winavr/bin/../lib/gcc/avr/4.3.3/avr5\libgcc.a(_div_sf.o)
 .debug_loc     0x00000522       0x3c d:/disktop/embedded system/sdk_win_64/imt_sdk_win_64/winavr/bin/../lib/gcc/avr/4.3.3/avr5\libgcc.a(_eq_sf.o)
 .debug_loc     0x0000055e       0x3c d:/disktop/embedded system/sdk_win_64/imt_sdk_win_64/winavr/bin/../lib/gcc/avr/4.3.3/avr5\libgcc.a(_ne_sf.o)
 .debug_loc     0x0000059a       0x3c d:/disktop/embedded system/sdk_win_64/imt_sdk_win_64/winavr/bin/../lib/gcc/avr/4.3.3/avr5\libgcc.a(_gt_sf.o)
 .debug_loc     0x000005d6       0x3c d:/disktop/embedded system/sdk_win_64/imt_sdk_win_64/winavr/bin/../lib/gcc/avr/4.3.3/avr5\libgcc.a(_ge_sf.o)
 .debug_loc     0x00000612       0x3c d:/disktop/embedded system/sdk_win_64/imt_sdk_win_64/winavr/bin/../lib/gcc/avr/4.3.3/avr5\libgcc.a(_lt_sf.o)
 .debug_loc     0x0000064e       0x7e d:/disktop/embedded system/sdk_win_64/imt_sdk_win_64/winavr/bin/../lib/gcc/avr/4.3.3/avr5\libgcc.a(_sf_to_si.o)
 .debug_loc     0x000006cc       0x4c d:/disktop/embedded system/sdk_win_64/imt_sdk_win_64/winavr/bin/../lib/gcc/avr/4.3.3/avr5\libgcc.a(_usi_to_sf.o)
 .debug_loc     0x00000718       0x94 d:/disktop/embedded system/sdk_win_64/imt_sdk_win_64/winavr/bin/../lib/gcc/avr/4.3.3/avr5\libgcc.a(_clzsi2.o)
 .debug_loc     0x000007ac      0x13e d:/disktop/embedded system/sdk_win_64/imt_sdk_win_64/winavr/bin/../lib/gcc/avr/4.3.3/avr5\libgcc.a(_pack_sf.o)
 .debug_loc     0x000008ea       0xac d:/disktop/embedded system/sdk_win_64/imt_sdk_win_64/winavr/bin/../lib/gcc/avr/4.3.3/avr5\libgcc.a(_unpack_sf.o)
 .debug_loc     0x00000996       0x50 d:/disktop/embedded system/sdk_win_64/imt_sdk_win_64/winavr/bin/../lib/gcc/avr/4.3.3/avr5\libgcc.a(_fpcmp_parts_sf.o)

.debug_macinfo
 *(.debug_macinfo)
OUTPUT(DCT_PROJ.elf elf32-avr)
LOAD linker stubs

.debug_ranges   0x00000000       0x50
 .debug_ranges  0x00000000       0x50 d:/disktop/embedded system/sdk_win_64/imt_sdk_win_64/winavr/bin/../lib/gcc/avr/4.3.3/avr5\libgcc.a(_mul_sf.o)
